Copyright 1986-2022 Xilinx, Inc. All Rights Reserved. Copyright 2022-2023 Advanced Micro Devices, Inc. All Rights Reserved.
---------------------------------------------------------------------------------------------------------------------------------------------
| Tool Version : Vivado v.2023.2 (win64) Build 4029153 Fri Oct 13 20:14:34 MDT 2023
| Date         : Mon Apr  7 11:57:15 2025
| Host         : DESKTOP-OBENCRP running 64-bit major release  (build 9200)
| Command      : report_control_sets -verbose -file vga_control_sets_placed.rpt
| Design       : vga
| Device       : xc7a35t
---------------------------------------------------------------------------------------------------------------------------------------------

Control Set Information

Table of Contents
-----------------
1. Summary
2. Histogram
3. Flip-Flop Distribution
4. Detailed Control Set Information

1. Summary
----------

+----------------------------------------------------------+-------+
|                          Status                          | Count |
+----------------------------------------------------------+-------+
| Total control sets                                       |    13 |
|    Minimum number of control sets                        |    13 |
|    Addition due to synthesis replication                 |     0 |
|    Addition due to physical synthesis replication        |     0 |
| Unused register locations in slices containing registers |    73 |
+----------------------------------------------------------+-------+
* Control sets can be merged at opt_design using control_set_merge or merge_equivalent_drivers
** Run report_qor_suggestions for automated merging and remapping suggestions


2. Histogram
------------

+--------------------+-------+
|       Fanout       | Count |
+--------------------+-------+
| Total control sets |    13 |
| >= 0 to < 4        |     4 |
| >= 4 to < 6        |     3 |
| >= 6 to < 8        |     0 |
| >= 8 to < 10       |     1 |
| >= 10 to < 12      |     1 |
| >= 12 to < 14      |     1 |
| >= 14 to < 16      |     0 |
| >= 16              |     3 |
+--------------------+-------+
* Control sets can be remapped at either synth_design or opt_design


3. Flip-Flop Distribution
-------------------------

+--------------+-----------------------+------------------------+-----------------+--------------+
| Clock Enable | Synchronous Set/Reset | Asynchronous Set/Reset | Total Registers | Total Slices |
+--------------+-----------------------+------------------------+-----------------+--------------+
| No           | No                    | No                     |             100 |           58 |
| No           | No                    | Yes                    |              51 |           29 |
| No           | Yes                   | No                     |               0 |            0 |
| Yes          | No                    | No                     |              18 |            8 |
| Yes          | No                    | Yes                    |              11 |            4 |
| Yes          | Yes                   | No                     |              19 |           16 |
+--------------+-----------------------+------------------------+-----------------+--------------+


4. Detailed Control Set Information
-----------------------------------

+----------------------+----------------------+-------------------------+------------------+----------------+--------------+
|     Clock Signal     |     Enable Signal    |     Set/Reset Signal    | Slice Load Count | Bel Load Count | Bels / Slice |
+----------------------+----------------------+-------------------------+------------------+----------------+--------------+
|  clk_IBUF_BUFG       |                      | MPG_instance/MPG_out[0] |                1 |              1 |         1.00 |
|  clkdiv_instance/clk |                      |                         |                1 |              1 |         1.00 |
|  clkdiv_instance/clk |                      | MPG_instance/MPG_out[0] |                1 |              1 |         1.00 |
|  clk25MHz_BUFG       | CoordX               | Color[10]_i_1_n_0       |                2 |              3 |         1.50 |
|  clk25MHz_BUFG       | CoordX               | Color[8]_i_1_n_0        |                4 |              4 |         1.00 |
|  clk25MHz_BUFG       | led_OBUF[1]          |                         |                1 |              4 |         4.00 |
|  clk_IBUF_BUFG       | MPG_instance/s_en_in |                         |                2 |              5 |         2.50 |
|  clk25MHz_BUFG       | CoordX               |                         |                5 |              9 |         1.80 |
|  clk25MHz_BUFG       | TCH_reg_n_0          | led_OBUF[0]             |                4 |             11 |         2.75 |
|  clk25MHz_BUFG       | R[3]_i_2_n_0         | G                       |               10 |             12 |         1.20 |
|  clk_IBUF_BUFG       |                      |                         |               15 |             42 |         2.80 |
|  clk25MHz_BUFG       |                      | led_OBUF[0]             |               27 |             49 |         1.81 |
|  clk25MHz_BUFG       |                      |                         |               42 |             57 |         1.36 |
+----------------------+----------------------+-------------------------+------------------+----------------+--------------+


